episodes: ['belts_b', 'd_coffee', 'd_contactlens', 'd_fryingpan', 'd_plants', 'd_toothbrush', 'noodles', 'np_cabinet_a', 'np_cabinet_b', 'np_storagebox', 'np_tissue', 'shampoo', 't_conftable', 't_glassdoor_a', 't_glassdoor_b', 't_keyboard', 'test']
[1/17] belts_b                   16.8s 30fps   5 clips  hand=1.0  undelivered=['head_depth_camera']
[2/17] d_coffee                  17.8s 30fps   5 clips  hand=1.0  undelivered=['head_depth_camera']
[3/17] d_contactlens             46.5s 30fps  12 clips  hand=1.0  undelivered=['head_depth_camera']
[4/17] d_fryingpan              100.1s 30fps  26 clips  hand=1.0  undelivered=['head_depth_camera']
[5/17] d_plants                  20.6s 30fps   6 clips  hand=1.0  undelivered=['head_depth_camera']
[6/17] d_toothbrush               6.1s 30fps   2 clips  hand=1.0  undelivered=['head_depth_camera']
[7/17] noodles                  192.9s 30fps  49 clips  hand=1.0  undelivered=['head_depth_camera']
[8/17] np_cabinet_a              19.0s 30fps   5 clips  hand=0.9753  undelivered=['head_depth_camera']
[9/17] np_cabinet_b              34.8s 30fps   9 clips  hand=1.0  undelivered=['head_depth_camera']
[10/17] np_storagebox             95.1s 30fps  24 clips  hand=1.0  undelivered=['head_depth_camera']
[11/17] np_tissue                 45.6s 30fps  12 clips  hand=1.0  undelivered=['head_depth_camera']
[12/17] shampoo                  134.2s 30fps  34 clips  hand=1.0  undelivered=['head_depth_camera']
[13/17] t_conftable              329.5s 30fps  83 clips  hand=1.0  undelivered=['head_depth_camera']
[14/17] t_glassdoor_a             22.8s 30fps   6 clips  hand=1.0  undelivered=['head_depth_camera']
[15/17] t_glassdoor_b             26.7s 25fps   7 clips  hand=0.9999  undelivered=['head_depth_camera']
[16/17] t_keyboard               186.6s 30fps  47 clips  hand=0.9999  undelivered=['head_depth_camera']
[17/17] test                     122.3s 30fps  31 clips  hand=1.0  undelivered=['head_depth_camera']

wrote 363 clip records -> /home/axibo/post-ego/artifacts/quality/clip_quality.jsonl
==========================================================================
363 clips from 17 episodes (23.6 min)
  T1 hard reject :   41 ( 11.3%)
  T2 motion drop :   88 ( 24.2%)
  accepted       :  234 ( 64.5%)  15.4 min
  reject reasons : {'blurred': 27, 'hands_poorly_framed': 8, 'clip_too_short': 7, 'no_video_frames': 1, 'brightness_out_of_range': 1}
  episode              clips   T1   T2  kept
  belts_b                  5    1    1     3
  d_coffee                 5    2    0     3
  d_contactlens           12    0    3     9
  d_fryingpan             26    1    7    18
  d_plants                 6    1    1     4
  d_toothbrush             2    0    0     2
  noodles                 49    1   14    34
  np_cabinet_a             5    0    1     4
  np_cabinet_b             9    0    2     7
  np_storagebox           24    0    7    17
  np_tissue               12    6    1     5
  shampoo                 34    0   10    24
  t_conftable             83   28   16    39
  t_glassdoor_a            6    0    1     5
  t_glassdoor_b            7    0    2     5
  t_keyboard              47    1   13    33
  test                    31    0    9    22
  sharpness_p25          p5     3.46  p50    13.56  p95    47.08  max   132.00
  brightness_mean        p5    48.44  p50    76.65  p95   124.88  max   128.83
  saturated_pixel_frac   p5     0.00  p50     0.00  p95     0.01  max     0.04
  crushed_pixel_frac     p5     0.00  p50     0.08  p95     0.24  max     0.33
  head_motion            p5     1.34  p50     5.15  p95    11.85  max    15.28
  hand_visible_rate      p5     1.00  p50     1.00  p95     1.00  max     1.00
  hand_central50_rate    p5     0.72  p50     0.98  p95     1.00  max     1.00
  hand_cam_dist_m        p5     0.33  p50     0.39  p95     0.49  max     0.60
  hand_offaxis_deg       p5    16.44  p50    28.50  p95    37.26  max    44.70
  max_wrist_speed        p5     0.20  p50     0.75  p95     1.44  max     2.50
  max_angular_speed      p5     0.15  p50     0.66  p95     2.04  max     4.08
  lowtex_masked_frac     p5     0.00  p50     0.04  p95     0.29  max     0.49
